operationName: 'test:guzzle'
tags:
  -
    key: auxmoney-opentracing-bundle.span-origin
    value: 'core:command'
  -
    key: command.exit-code
    value: 0
children:
  -
    operationName: 'sending HTTP request'
    tags:
      -
        key: auxmoney-opentracing-bundle.span-origin
        value: 'guzzle:request'
      -
        key: http.method
        value: GET
      -
        key: http.status_code
        value: 200
      -
        key: http.url
        value: 'http://localhost:8000/'
    children:
      -
        operationName: 'http://localhost:8000/'
        tags:
          -
            key: auxmoney-opentracing-bundle.span-origin
            value: 'core:request'
          -
            key: http.method
            value: GET
          -
            key: http.url
            value: 'http://localhost:8000/'
        children:
          -
            operationName: 'App\Controller\TestController::index'
            tags:
              -
                key: auxmoney-opentracing-bundle.span-origin
                value: 'core:controller'
              -
                key: http.status_code
                value: 200
            children:
              -
                operationName: 'sending HTTP request'
                tags:
                  -
                    key: auxmoney-opentracing-bundle.span-origin
                    value: 'guzzle:request'
                  -
                    key: http.method
                    value: GET
                  -
                    key: http.status_code
                    value: 200
                  -
                    key: http.url
                    value: 'https://github.com/auxmoney/OpentracingBundle-Guzzle'
